
  02-13 11:16:04.106  8977  9259 E GoogleApiManager: 	at crvb.dispatchMessage(:com.google.android.gms@260235035@26.02.35 (260400-862924022):5)
  02-13 11:16:04.106  8977  9259 E GoogleApiManager: 	at android.os.Looper.loopOnce(Looper.java:232)
  02-13 11:16:04.106  8977  9259 E GoogleApiManager: 	at android.os.Looper.loop(Looper.java:317)
  02-13 11:16:04.106  8977  9259 E GoogleApiManager: 	at android.os.HandlerThread.run(HandlerThread.java:85)
  02-13 11:16:04.106  8977  9259 W GoogleApiManager: Not showing notification since connectionResult is not user-facing: ConnectionResult{statusCode=DEVELOPER_ERROR, resolution=null, message=null, clientMethodKey=null}
> 02-13 11:16:04.108  8977  9258 W FlagRegistrar: Failed to register com.google.android.gms.providerinstaller#net.sumomo_planning.goshopping
> 02-13 11:16:04.108  8977  9258 W FlagRegistrar: fxxu: 17: 17: API: Phenotype.API is not available on this device. Connection failed with: ConnectionResult{statusCode=DEVELOPER_ERROR, resolution=null, message=null, clientMethodKey=null}
  02-13 11:16:04.108  8977  9258 W FlagRegistrar: 	at fxxw.a(:com.google.android.gms@260235035@26.02.35 (260400-862924022):13)
  02-13 11:16:04.108  8977  9258 W FlagRegistrar: 	at gvyy.d(:com.google.android.gms@260235035@26.02.35 (260400-862924022):3)
  02-13 11:16:04.108  8977  9258 W FlagRegistrar: 	at gvza.run(:com.google.android.gms@260235035@26.02.35 (260400-862924022):130)
  02-13 11:16:04.108  8977  9258 W FlagRegistrar: 	at gwbh.execute(:com.google.android.gms@260235035@26.02.35 (260400-862924022):1)
  02-13 11:16:04.108  8977  9258 W FlagRegistrar: 	at gvzi.f(:com.google.android.gms@260235035@26.02.35 (260400-862924022):1)
  02-13 11:16:04.108  8977  9258 W FlagRegistrar: 	at fdra.d(:com.google.android.gms@260235035@26.02.35 (260400-862924022):25)
  02-13 11:16:04.108  8977  9258 W FlagRegistrar: 	at bcyt.c(:com.google.android.gms@260235035@26.02.35 (260400-862924022):9)
  02-13 11:16:04.108  8977  9258 W FlagRegistrar: 	at bdbi.q(:com.google.android.gms@260235035@26.02.35 (260400-862924022):48)
  02-13 11:16:04.108  8977  9258 W FlagRegistrar: 	at bdbi.d(:com.google.android.gms@260235035@26.02.35 (260400-862924022):10)
  02-13 11:16:04.108  8977  9258 W FlagRegistrar: 	at bdbi.g(:com.google.android.gms@260235035@26.02.35 (260400-862924022):191)
> 02-13 11:16:04.108  8977  9258 W FlagRegistrar: 	at bdbi.onConnectionFailed(:com.google.android.gms@260235035@26.02.35 (260400-862924022):2)
  02-13 11:16:04.108  8977  9258 W FlagRegistrar: 	at bdbk.run(:com.google.android.gms@260235035@26.02.35 (260400-862924022):70)
  02-13 11:16:04.108  8977  9258 W FlagRegistrar: 	at android.os.Handler.handleCallback(Handler.java:959)
  02-13 11:16:04.108  8977  9258 W FlagRegistrar: 	at android.os.Handler.dispatchMessage(Handler.java:100)
  02-13 11:16:04.108  8977  9258 W FlagRegistrar: 	at crvb.mD(:com.google.android.gms@260235035@26.02.35 (260400-862924022):1)
  02-13 11:16:04.108  8977  9258 W FlagRegistrar: 	at crvb.dispatchMessage(:com.google.android.gms@260235035@26.02.35 (260400-862924022):5)
  02-13 11:16:04.108  8977  9258 W FlagRegistrar: 	at android.os.Looper.loopOnce(Looper.java:232)
  02-13 11:16:04.108  8977  9258 W FlagRegistrar: 	at android.os.Looper.loop(Looper.java:317)
  02-13 11:16:04.108  8977  9258 W FlagRegistrar: 	at android.os.HandlerThread.run(HandlerThread.java:85)
> 02-13 11:16:04.108  8977  9258 W FlagRegistrar: Caused by: bcxa: 17: API: Phenotype.API is not available on this device. Connection failed with: ConnectionResult{statusCode=DEVELOPER_ERROR, resolution=null, message=null, clientMethodKey=null}
  02-13 11:16:04.108  8977  9258 W FlagRegistrar: 	at bduu.a(:com.google.android.gms@260235035@26.02.35 (260400-862924022):15)
  02-13 11:16:04.108  8977  9258 W FlagRegistrar: 	at bcyw.a(:com.google.android.gms@260235035@26.02.35 (260400-862924022):1)
  02-13 11:16:04.108  8977  9258 W FlagRegistrar: 	at bcyt.c(:com.google.android.gms@260235035@26.02.35 (260400-862924022):5)
  02-13 11:16:04.108  8977  9258 W FlagRegistrar: 	... 12 more
  02-13 11:16:04.129  8977  9146 D nativeloader: Load /data/app/~~RczyBYWX7ts9xAK8zBv5Dg==/com.google.android.gms-HWtFFLiqgKs8LEwGBaL0mA==/base.apk!/lib/arm64-v8a/libconscrypt_gmscore_jni.so using class loader ns clns-11 (caller=/data/app/~~RczyBYWX7ts9xAK8zBv5Dg==/com.google.android.gms-HWtFFLiqgKs8LEwGBaL0mA==/base.apk): ok
  02-13 11:16:04.343  2973  2973 D ControlsListingControllerImpl: ServiceConfig reloaded, count: 1
  02-13 11:16:04.347  2973  2973 D ControlsListingControllerImpl: ServiceConfig reloaded, count: 1
  02-13 11:16:04.371 31306  8717 I Bugle   : BroadcastReceiverAsyncWorkTracker: Acknowledging broadcast of daqt@64841c4
  02-13 11:16:04.372 31306  6258 I Bugle   : BroadcastReceiverAsyncWorkTracker: Acknowledging broadcast of daqt@64841c4
  02-13 11:16:04.402  1254  1254 I QTI PowerHAL: Power setMode: 6 to: 1
> 02-13 11:16:04.403  1254  1254 E QTI PowerHAL: Failed to acquire lock for hint_id: 10A5.
  02-13 11:16:04.403  8977  9269 I ning.goshopping: hiddenapi: Accessing hidden method Ljava/security/spec/ECParameterSpec;->setCurveName(Ljava/lang/String;)V (runtime_flags=0, domain=core-platform, api=unsupported) from Lcom/google/android/gms/org/conscrypt/Platform; (domain=app, TargetSdkVersion=36) using reflection: allowed
  02-13 11:16:04.409  8977  8977 I flutter : â”Œâ”€â”€â”€â”€â”€â”€â”€â”€â”€â”€â”€â”€â”€â”€â”€â”€â”€â”€â”€â”€â”€â”€â”€â”€â”€â”€â”€â”€â”€â”€â”€â”€â”€â”€â”€â”€â”€â”€â”€â”€â”€â”€â”€â”€â”€â”€â”€â”€â”€â”€â”€â”€â”€â”€â”€â”€â”€â”€â”€â”€â”€â”€â”€â”€â”€â”€â”€â”€â”€â”€â”€â”€â”€â”€â”€â”€â”€â”€â”€â”€â”€â”€â”€â”€â”€â”€â”€â”€â”€â”€â”€â”€â”€â”€â”€â”€â”€â”€â”€â”€â”€â”€â”€â”€â”€â”€â”€â”€â”€â”€â”€â”€â”€â”€â”€â”€â”€â”€â”€
  02-13 11:16:04.409  8977  8977 I flutter : â”‚ #0   AppLogger.info (package:goshopping/utils/app_logger.dart:77:15)
  02-13 11:16:04.409  8977  8977 I flutter : â”‚ #1   UserInitializationService._syncUserProfile (package:goshopping/services/user_initialization_service.dart:233:11)
  02-13 11:16:04.409  8977  8977 I flutter : â”œâ”„â”„â”„â”„â”„â”„â”„â”„â”„â”„â”„â”„â”„â”„â”„â”„â”„â”„â”„â”„â”„â”„â”„â”„â”„â”„â”„â”„â”„â”„â”„â”„â”„â”„â”„â”„â”„â”„â”„â”„â”„â”„â”„â”„â”„â”„â”„â”„â”„â”„â”„â”„â”„â”„â”„â”„â”„â”„â”„â”„â”„â”„â”„â”„â”„â”„â”„â”„â”„â”„â”„â”„â”„â”„â”„â”„â”„â”„â”„â”„â”„â”„â”„â”„â”„â”„â”„â”„â”„â”„â”„â”„â”„â”„â”„â”„â”„â”„â”„â”„â”„â”„â”„â”„â”„â”„â”„â”„â”„â”„â”„â”„â”„â”„â”„â”„â”„â”„â”„
  02-13 11:16:04.455  8977  8977 I flutter : â”‚ #0   AppLogger.error (package:goshopping/utils/app_logger.dart:98:17)
  02-13 11:16:04.455  8977  8977 I flutter : â”‚ #1   AllGroupsNotifier.build (package:goshopping/providers/purchase_group_provider.dart:538:11)
  02-13 11:16:04.455  8977  8977 I flutter : â”œâ”„â”„â”„â”„â”„â”„â”„â”„â”„â”„â”„â”„â”„â”„â”„â”„â”„â”„â”„â”„â”„â”„â”„â”„â”„â”„â”„â”„â”„â”„â”„â”„â”„â”„â”„â”„â”„â”„â”„â”„â”„â”„â”„â”„â”„â”„â”„â”„â”„â”„â”„â”„â”„â”„â”„â”„â”„â”„â”„â”„â”„â”„â”„â”„â”„â”„â”„â”„â”„â”„â”„â”„â”„â”„â”„â”„â”„â”„â”„â”„â”„â”„â”„â”„â”„â”„â”„â”„â”„â”„â”„â”„â”„â”„â”„â”„â”„â”„â”„â”„â”„â”„â”„â”„â”„â”„â”„â”„â”„â”„â”„â”„â”„â”„â”„â”„â”„â”„â”„
  02-13 11:16:04.456  8977  8977 I flutter : â”‚ 2026-02-13 11:16:04.455
  02-13 11:16:04.456  8977  8977 I flutter : â”œâ”„â”„â”„â”„â”„â”„â”„â”„â”„â”„â”„â”„â”„â”„â”„â”„â”„â”„â”„â”„â”„â”„â”„â”„â”„â”„â”„â”„â”„â”„â”„â”„â”„â”„â”„â”„â”„â”„â”„â”„â”„â”„â”„â”„â”„â”„â”„â”„â”„â”„â”„â”„â”„â”„â”„â”„â”„â”„â”„â”„â”„â”„â”„â”„â”„â”„â”„â”„â”„â”„â”„â”„â”„â”„â”„â”„â”„â”„â”„â”„â”„â”„â”„â”„â”„â”„â”„â”„â”„â”„â”„â”„â”„â”„â”„â”„â”„â”„â”„â”„â”„â”„â”„â”„â”„â”„â”„â”„â”„â”„â”„â”„â”„â”„â”„â”„â”„â”„â”„
> 02-13 11:16:04.456  8977  8977 I flutter : â”‚ â›” âŒ [ALL GROUPS] ã‚¨ãƒ©ãƒ¼ç™ºç”Ÿ: 'package:riverpod/src/framework/element.dart': Failed assertion: line 675 pos 7: '!_didChangeDependency': Cannot use ref functions after the dependency of a provider changed but before the provider rebuilt
  02-13 11:16:04.456  8977  8977 I flutter : â””â”€â”€â”€â”€â”€â”€â”€â”€â”€â”€â”€â”€â”€â”€â”€â”€â”€â”€â”€â”€â”€â”€â”€â”€â”€â”€â”€â”€â”€â”€â”€â”€â”€â”€â”€â”€â”€â”€â”€â”€â”€â”€â”€â”€â”€â”€â”€â”€â”€â”€â”€â”€â”€â”€â”€â”€â”€â”€â”€â”€â”€â”€â”€â”€â”€â”€â”€â”€â”€â”€â”€â”€â”€â”€â”€â”€â”€â”€â”€â”€â”€â”€â”€â”€â”€â”€â”€â”€â”€â”€â”€â”€â”€â”€â”€â”€â”€â”€â”€â”€â”€â”€â”€â”€â”€â”€â”€â”€â”€â”€â”€â”€â”€â”€â”€â”€â”€â”€â”€
> 02-13 11:16:04.456  8977  8977 I flutter : âŒ âŒ [ALL GROUPS] ã‚¨ãƒ©ãƒ¼ç™ºç”Ÿ: 'package:riverpod/src/framework/element.dart': Failed assertion: line 675 pos 7: '!_didChangeDependency': Cannot use ref functions after the dependency of a provider changed but before the provider rebuilt
  02-13 11:16:04.457  8977  8977 I flutter : â”Œâ”€â”€â”€â”€â”€â”€â”€â”€â”€â”€â”€â”€â”€â”€â”€â”€â”€â”€â”€â”€â”€â”€â”€â”€â”€â”€â”€â”€â”€â”€â”€â”€â”€â”€â”€â”€â”€â”€â”€â”€â”€â”€â”€â”€â”€â”€â”€â”€â”€â”€â”€â”€â”€â”€â”€â”€â”€â”€â”€â”€â”€â”€â”€â”€â”€â”€â”€â”€â”€â”€â”€â”€â”€â”€â”€â”€â”€â”€â”€â”€â”€â”€â”€â”€â”€â”€â”€â”€â”€â”€â”€â”€â”€â”€â”€â”€â”€â”€â”€â”€â”€â”€â”€â”€â”€â”€â”€â”€â”€â”€â”€â”€â”€â”€â”€â”€â”€â”€â”€
  02-13 11:16:04.457  8977  8977 I flutter : â”‚ #0   AppLogger.error (package:goshopping/utils/app_logger.dart:98:17)
  02-13 11:16:04.457  8977  8977 I flutter : â”‚ #1   AllGroupsNotifier.build (package:goshopping/providers/purchase_group_provider.dart:539:11)
  02-13 11:16:04.457  8977  8977 I flutter : â”œâ”„â”„â”„â”„â”„â”„â”„â”„â”„â”„â”„â”„â”„â”„â”„â”„â”„â”„â”„â”„â”„â”„â”„â”„â”„â”„â”„â”„â”„â”„â”„â”„â”„â”„â”„â”„â”„â”„â”„â”„â”„â”„â”„â”„â”„â”„â”„â”„â”„â”„â”„â”„â”„â”„â”„â”„â”„â”„â”„â”„â”„â”„â”„â”„â”„â”„â”„â”„â”„â”„â”„â”„â”„â”„â”„â”„â”„â”„â”„â”„â”„â”„â”„â”„â”„â”„â”„â”„â”„â”„â”„â”„â”„â”„â”„â”„â”„â”„â”„â”„â”„â”„â”„â”„â”„â”„â”„â”„â”„â”„â”„â”„â”„â”„â”„â”„â”„â”„â”„
  02-13 11:16:04.457  8977  8977 I flutter : â”‚ 2026-02-13 11:16:04.456
  02-13 11:16:04.457  8977  8977 I flutter : â”œâ”„â”„â”„â”„â”„â”„â”„â”„â”„â”„â”„â”„â”„â”„â”„â”„â”„â”„â”„â”„â”„â”„â”„â”„â”„â”„â”„â”„â”„â”„â”„â”„â”„â”„â”„â”„â”„â”„â”„â”„â”„â”„â”„â”„â”„â”„â”„â”„â”„â”„â”„â”„â”„â”„â”„â”„â”„â”„â”„â”„â”„â”„â”„â”„â”„â”„â”„â”„â”„â”„â”„â”„â”„â”„â”„â”„â”„â”„â”„â”„â”„â”„â”„â”„â”„â”„â”„â”„â”„â”„â”„â”„â”„â”„â”„â”„â”„â”„â”„â”„â”„â”„â”„â”„â”„â”„â”„â”„â”„â”„â”„â”„â”„â”„â”„â”„â”„â”„â”„
> 02-13 11:16:04.457  8977  8977 I flutter : â”‚ â›” âŒ [ALL GROUPS] ã‚¹ã‚¿ãƒƒã‚¯ãƒˆãƒ¬ãƒ¼ã‚¹: #0      _AssertionError._doThrowNew (dart:core-patch/errors_patch.dart:67:4)
> 02-13 11:16:04.457  8977  8977 I flutter : â”‚ â›” #1      _AssertionError._throwNew (dart:core-patch/errors_patch.dart:49:5)
  02-13 11:16:04.457  8977  8977 I flutter : â”‚ â›” #2      ProviderElementBase._assertNotOutdated (package:riverpod/src/framework/element.dart:675:7)
  02-13 11:16:04.457  8977  8977 I flutter : â”‚ â›” #3      ProviderElementBase.watch (package:riverpod/src/framework/element.dart:700:5)
  02-13 11:16:04.457  8977  8977 I flutter : â”‚ â›” #4      AllGroupsNotifier.build (package:goshopping/providers/purchase_group_provider.dart:473:31)
  02-13 11:16:04.457  8977  8977 I flutter : â”‚ â›” <asynchronous suspension>
  02-13 11:16:04.458  8977  8977 I flutter : â”‚ â›” #5      FutureHandlerProviderElementMixin.handleFuture.<anonymous closure>.<anonymous closure> (package:riverpod/src/async_notifier/base.dart:355:9)
  02-13 11:16:04.458  8977  8977 I flutter : â”‚ â›” <asynchronous suspension>
  02-13 11:16:04.458  8977  8977 I flutter : â”‚ â›” 
  02-13 11:16:04.458  8977  8977 I flutter : â””â”€â”€â”€â”€â”€â”€â”€â”€â”€â”€â”€â”€â”€â”€â”€â”€â”€â”€â”€â”€â”€â”€â”€â”€â”€â”€â”€â”€â”€â”€â”€â”€â”€â”€â”€â”€â”€â”€â”€â”€â”€â”€â”€â”€â”€â”€â”€â”€â”€â”€â”€â”€â”€â”€â”€â”€â”€â”€â”€â”€â”€â”€â”€â”€â”€â”€â”€â”€â”€â”€â”€â”€â”€â”€â”€â”€â”€â”€â”€â”€â”€â”€â”€â”€â”€â”€â”€â”€â”€â”€â”€â”€â”€â”€â”€â”€â”€â”€â”€â”€â”€â”€â”€â”€â”€â”€â”€â”€â”€â”€â”€â”€â”€â”€â”€â”€â”€â”€â”€
> 02-13 11:16:04.460  8977  8977 I flutter : âŒ âŒ [ALL GROUPS] ã‚¹ã‚¿ãƒƒã‚¯ãƒˆãƒ¬ãƒ¼ã‚¹: #0      _AssertionError._doThrowNew (dart:core-patch/errors_patch.dart:67:4)
> 02-13 11:16:04.460  8977  8977 I flutter : #1      _AssertionError._throwNew (dart:core-patch/errors_patch.dart:49:5)
  02-13 11:16:04.460  8977  8977 I flutter : #2      ProviderElementBase._assertNotOutdated (package:riverpod/src/framework/element.dart:675:7)
  02-13 11:16:04.460  8977  8977 I flutter : #3      ProviderElementBase.watch (package:riverpod/src/framework/element.dart:700:5)
  02-13 11:16:04.460  8977  8977 I flutter : #4      AllGroupsNotifier.build (package:goshopping/providers/purchase_group_provider.dart:473:31)
  02-13 11:16:04.460  8977  8977 I flutter : <asynchronous suspension>
  02-13 11:16:04.460  8977  8977 I flutter : #5      FutureHandlerProviderElementMixin.handleFuture.<anonymous closure>.<anonymous closure> (package:riverpod/src/async_notifier/base.dart:355:9)
  02-13 11:16:05.108  8977  8977 I flutter : ðŸ“± SharedPreferences getUserName: ã™ã‚‚***
  02-13 11:16:05.116  1408  1408 D DisplayModeController: setDesiredMode 4630947084188468354 {mode={fps=60.00 Hz, modePtr={id=0, vsyncRate=60.00 Hz, peakRefreshRate=60.00 Hz}}, emitEvent=true, force=false}
  02-13 11:16:05.116  1284  2028 W SDM     : HWDeviceDRM::GetSupportedBitClkRate: Requested rate not supported: 685000000
  02-13 11:16:05.124  1284  2028 I SDM     : HWDeviceDRM::UpdateMixerAttributes: Mixer WxH 1080x2432-0 for Peripheral
  02-13 11:16:05.124  1284  2028 I SDM     : HWCDisplay::SubmitDisplayConfig: Active configuration changed from config 1 to 0
> 02-13 11:16:05.124  1284  2728 E Dpps    : DppsServer::RunPollIteration():474 Poll iteration failed with ret -95
> 02-13 11:16:05.124  1284  2728 E Dpps    : DppsServer::Run():289 Poll iteration failed, ret -95
  02-13 11:16:05.126  2335  2551 I DisplayDeviceRepository: Display device changed render timings: "å†…è”µã‚¹ã‚¯ãƒªãƒ¼ãƒ³", renderFrameRate=60.000004, presentationDeadlineNanos=15666666, appVsyncOffsetNanos=2000000
  02-13 11:16:05.126  1254  1254 I QTI PowerHAL: Power setMode: 6 to: 1
> 02-13 11:16:05.127  1254  1254 E QTI PowerHAL: Failed to acquire lock for hint_id: 10A5.
  02-13 11:16:05.128  2335  2551 D DisplayManagerService: Ignore redundant display event 0/2 to 10195/7738
  02-13 11:16:05.128  2335  2551 D DisplayManagerService: Ignore redundant display event 0/2 to 10342/8146
  02-13 11:16:05.130  1399  1545 D AudioFlinger: setParameters(): io 0, keyvalue screen_state=on, calling pid 2335 calling uid 1000
  02-13 11:16:05.131  1240  4010 D AHAL: AudioDevice: SetParameters: 1389: enter: screen_state=on
  02-13 11:16:05.132  1240  4010 D AHAL: AudioVoice: VoiceSetParameters: 86: Enter params: screen_state=on
  02-13 11:16:05.297  1408  1408 D DisplayModeController: setDesiredMode 4630947084188468354 {mode={fps=90.00 Hz, modePtr={id=1, vsyncRate=90.00 Hz, peakRefreshRate=90.00 Hz}}, emitEvent=true, force=false}
  02-13 11:16:05.297  3390  9277 I FusedOrientationManager: Registering orientation client. [CONTEXT service_id=6 ]
  02-13 11:16:05.298  1284  2028 W SDM     : HWDeviceDRM::GetSupportedBitClkRate: Requested rate not supported: 685000000
  02-13 11:16:05.299  1284  2028 I SDM     : HWDeviceDRM::UpdateMixerAttributes: Mixer WxH 1080x2432-0 for Peripheral
  02-13 11:16:05.299  1284  2028 I SDM     : HWCDisplay::SubmitDisplayConfig: Active configuration changed from config 0 to 1
> 02-13 11:16:05.303  1284  2728 E Dpps    : DppsServer::RunPollIteration():474 Poll iteration failed with ret -95
> 02-13 11:16:05.303  1284  2728 E Dpps    : DppsServer::Run():289 Poll iteration failed, ret -95
  02-13 11:16:05.307  3390  5188 W inertial-anchor: Triggering reinit due to mag declination change
  02-13 11:16:05.308  3390  5188 W Looper  : Looper already prepared for this thread with a different value for the LOOPER_PREPARE_ALLOW_NON_CALLBACKS option.
  02-13 11:16:05.308  2335  3260 D SensorService: enable start. handle=11
  02-13 11:16:05.309 19328 19328 D BoundBrokerSvc: onRebind: Intent { act=com.google.android.gms.onboardingconsent.api.ConsentManagerApiService.START dat=chimera-action:/... cmp=com.google.android.gms/.chimera.GmsApiService }
  02-13 11:16:05.313  1260  1260 I sensors-hal: flush:254, android.sensor.accelerometer/11
  02-13 11:16:05.335  1260  1260 I sensors-hal: set_config:71, sample_period_ns is adjusted to 200000000 based on min/max delay_ns
  02-13 11:16:05.335  1260  1260 I sensors-hal: batch:234, android.sensor.magnetic_field_uncalibrated/141, period=200000000, max_latency=0 request completed
  02-13 11:16:05.340  1254  1254 I QTI PowerHAL: Power setMode: 6 to: 1
  02-13 11:16:05.343  2335  6376 I WifiService: getWifiEnabledState uid=10159 state=3
  02-13 11:16:05.343  3390  5267 W Settings: Setting airplane_mode_on has moved from android.provider.Settings.System to android.provider.Settings.Global, returning read-only value.
> 02-13 11:16:05.343  1254  1254 E QTI PowerHAL: Failed to acquire lock for hint_id: 10A5.
  02-13 11:16:05.347  1260  1260 I sensors-hal: activate:192, android.sensor.magnetic_field_uncalibrated/141 en=1
  02-13 11:16:05.347  1260  1260 I sensors-hal: get_qmi_debug_flag:239, support_qmi_debug : false
  02-13 11:16:05.348  1232  1325 E minksocket: MinkIPC_QRTR_Service: client with node 1 port 69f3 went down
  02-13 11:16:05.349  1232  1325 E minksocket: MinkIPC_QRTR_Service: client with node 1 port 69f4 went down
  02-13 11:16:05.351  1232  1325 E minksocket: MinkIPC_QRTR_Service: client with node 1 port 69f5 went down
  02-13 11:16:05.351  1232  1325 E minksocket: MinkIPC_QRTR_Service: client with node 1 port 69f6 went down
  02-13 11:16:05.351  1260  1260 E Diag_Lib: diag: Diag_LSM_Init: invoked for pid: 1260 with init_count: 0
> 02-13 11:16:05.351  1260  1260 E Diag_Lib: diag:failed to connect to diag socket
  02-13 11:16:05.351  2335  2872 I WifiScanningService: Registering listener= android.net.wifi.IWifiScannerListener$Stub$Proxy@30e9c34 uid=10159 packageName=com.google.android.gms workSource=WorkSource{10159}
> 02-13 11:16:05.351  1260  1260 E Diag_Lib:  Diag_LSM_Init: Failed to open handle to diag driver, error = 111
  02-13 11:16:05.352  2335  2872 I WifiScanningService: start scan: ClientInfo[uid=10159, package=com.google.android.gms, android.net.wifi.IWifiScannerListener$Stub$Proxy@30e9c34] package com.google.android.gms AttributionTag network_location_provider
  02-13 11:16:05.352  2335  2872 I WifiScanningService: addSingleScanRequest: ClientInfo[uid=10159, package=com.google.android.gms, android.net.wifi.IWifiScannerListener$Stub$Proxy@30e9c34],WorkSource{10574 net.sumomo_planning.goshopping}, ScanSettings {  type:LOW LATENCY band:24Ghz & 5Ghz (DFS incl) ignoreLocationSettings:false period:0 reportEvents:3 numBssidsPerScan:25 maxScansToCache:0 rnrSetting:0 6GhzPscOnlyEnabled:false channels:[  ]  } 
  02-13 11:16:05.352  2335  2872 D WifiScanningService: replySucceeded onSuccess
  02-13 11:16:05.353  1260  1260 I sensors-hal: get_qmi_debug_flag:239, support_qmi_debug : false
  02-13 11:16:05.355  1232  1325 E minksocket: MinkIPC_QRTR_Service: client with node 1 port 69f8 went down
  02-13 11:16:05.357  1260  9282 I sensors-hal: handle_indication_realtime:467,  SCHED_FIFO(10) for qmi_cbk
  02-13 11:16:05.358  1232  1325 E minksocket: MinkIPC_QRTR_Service: client with node 1 port 69f9 went down
  02-13 11:16:05.360  1232  1325 E minksocket: MinkIPC_QRTR_Service: client with node 1 port 69fa went down
  02-13 11:16:05.362  1260  1260 E Diag_Lib: diag: Diag_LSM_Init: invoked for pid: 1260 with init_count: 0
  02-13 11:16:05.362  1232  1325 E minksocket: MinkIPC_QRTR_Service: client with node 1 port 69fb went down
> 02-13 11:16:05.363  1260  1260 E Diag_Lib: diag:failed to connect to diag socket
> 02-13 11:16:05.363  1260  1260 E Diag_Lib:  Diag_LSM_Init: Failed to open handle to diag driver, error = 111
  02-13 11:16:05.364  1260  1260 I sensors-hal: send_sensor_config_request:401, resampler is used, set resampler config
  02-13 11:16:05.364  1260  1260 I sensors-hal: send_sync_sensor_request:347, send sync request
  02-13 11:16:05.364  1260  1260 I sensors-hal: send_sync_sensor_request:373, wait for notification of response
  02-13 11:16:05.367  1260  9285 I sensors-hal: ssc_conn_resp_cb:650, resp_value = 0
  02-13 11:16:05.367  1260  9285 I sensors-hal: handle_indication_realtime:467,  SCHED_FIFO(10) for qmi_cbk
  02-13 11:16:05.376  1232  1325 E minksocket: MinkIPC_QRTR_Service: client with node 1 port 69fd went down
  02-13 11:16:05.378  1232  1325 E minksocket: MinkIPC_QRTR_Service: client with node 1 port 69fe went down
  02-13 11:16:05.378  1232  1325 E minksocket: MinkIPC_QRTR_Service: client with node 1 port 69ff went down
  02-13 11:16:05.379  1232  1325 E minksocket: MinkIPC_QRTR_Service: client with node 1 port 6a00 went down
  02-13 11:16:05.380  1260  1260 E Diag_Lib: diag: Diag_LSM_Init: invoked for pid: 1260 with init_count: 0
> 02-13 11:16:05.380  1260  1260 E Diag_Lib: diag:failed to connect to diag socket
> 02-13 11:16:05.380  1260  1260 E Diag_Lib:  Diag_LSM_Init: Failed to open handle to diag driver, error = 111
  02-13 11:16:05.381  1260  1260 I sensors-hal: set_config:71, sample_period_ns is adjusted to 1000000000 based on min/max delay_ns
  02-13 11:16:05.382  1260  1260 I sensors-hal: get_qmi_debug_flag:239, support_qmi_debug : false
  02-13 11:16:05.382  1260  9287 I sensors-hal: handle_indication_realtime:467,  SCHED_FIFO(10) for qmi_cbk
  02-13 11:16:05.383  1232  1325 E minksocket: MinkIPC_QRTR_Service: client with node 1 port 6a02 went down
  02-13 11:16:05.385  1232  1325 E minksocket: MinkIPC_QRTR_Service: client with node 1 port 6a03 went down
  02-13 11:16:05.388  1254  1254 I QTI PowerHAL: Power setMode: 6 to: 0
  02-13 11:16:05.389  1232  1325 E minksocket: MinkIPC_QRTR_Service: client with node 1 port 6a04 went down
  02-13 11:16:05.390  1260  1260 E Diag_Lib: diag: Diag_LSM_Init: invoked for pid: 1260 with init_count: 0
> 02-13 11:16:05.390  1260  1260 E Diag_Lib: diag:failed to connect to diag socket
> 02-13 11:16:05.390  1260  1260 E Diag_Lib:  Diag_LSM_Init: Failed to open handle to diag driver, error = 111
  02-13 11:16:05.390  1232  1325 E minksocket: MinkIPC_QRTR_Service: client with node 1 port 6a05 went down
  02-13 11:16:05.390  1260  1260 I sensors-hal: send_sync_sensor_request:347, send sync request
  02-13 11:16:05.390  1260  1260 I sensors-hal: send_sync_sensor_request:373, wait for notification of response
  02-13 11:16:05.392  1260  9290 I sensors-hal: ssc_conn_resp_cb:650, resp_value = 0
  02-13 11:16:05.392  1260  9290 I sensors-hal: handle_indication_realtime:467,  SCHED_FIFO(10) for qmi_cbk
  02-13 11:16:05.393  1232  1325 E minksocket: MinkIPC_QRTR_Service: client with node 1 port 6a07 went down
  02-13 11:16:05.393  1232  1325 E minksocket: MinkIPC_QRTR_Service: client with node 1 port 6a08 went down
  02-13 11:16:05.394  1232  1325 E minksocket: MinkIPC_QRTR_Service: client with node 1 port 6a09 went down
  02-13 11:16:05.395  1232  1325 E minksocket: MinkIPC_QRTR_Service: client with node 1 port 6a0a went down
  02-13 11:16:05.395  1260  1260 E Diag_Lib: diag: Diag_LSM_Init: invoked for pid: 1260 with init_count: 0
> 02-13 11:16:05.395  1260  1260 E Diag_Lib: diag:failed to connect to diag socket
> 02-13 11:16:05.395  1260  1260 E Diag_Lib:  Diag_LSM_Init: Failed to open handle to diag driver, error = 111
  02-13 11:16:05.395  1260  1260 I sensors-hal: send_sensor_config_request:401, resampler is used, set resampler config
  02-13 11:16:05.395  1260  1260 I sensors-hal: send_sync_sensor_request:347, send sync request
  02-13 11:16:05.395  1260  1260 I sensors-hal: send_sync_sensor_request:373, wait for notification of response
  02-13 11:16:05.397  1260  9292 I sensors-hal: ssc_conn_resp_cb:650, resp_value = 0
  02-13 11:16:05.398  1260  9292 I sensors-hal: handle_indication_realtime:467,  SCHED_FIFO(10) for qmi_cbk
  02-13 11:16:05.403  1260  1260 I sensors-hal: get_qmi_debug_flag:239, support_qmi_debug : false
  02-13 11:16:05.403  1232  1325 E minksocket: MinkIPC_QRTR_Service: client with node 1 port 6a0c went down
  02-13 11:16:05.404  1232  1325 E minksocket: MinkIPC_QRTR_Service: client with node 1 port 6a0d went down
  02-13 11:16:05.407  1232  1325 E minksocket: MinkIPC_QRTR_Service: client with node 1 port 6a0e went down
  02-13 11:16:05.410  1260  1260 E Diag_Lib: diag: Diag_LSM_Init: invoked for pid: 1260 with init_count: 0
> 02-13 11:16:05.410  1260  1260 E Diag_Lib: diag:failed to connect to diag socket
> 02-13 11:16:05.410  1260  1260 E Diag_Lib:  Diag_LSM_Init: Failed to open handle to diag driver, error = 111
  02-13 11:16:05.410  1232  1325 E minksocket: MinkIPC_QRTR_Service: client with node 1 port 6a0f went down
  02-13 11:16:05.411  1260  1260 I sensors-hal: get_qmi_debug_flag:239, support_qmi_debug : false
  02-13 11:16:05.412  1260  9294 I sensors-hal: handle_indication_realtime:467,  SCHED_FIFO(10) for qmi_cbk
  02-13 11:16:05.413  1232  1325 E minksocket: MinkIPC_QRTR_Service: client with node 1 port 6a11 went down
  02-13 11:16:05.416  1232  1325 E minksocket: MinkIPC_QRTR_Service: client with node 1 port 6a12 went down
  02-13 11:16:05.417  1232  1325 E minksocket: MinkIPC_QRTR_Service: client with node 1 port 6a13 went down
  02-13 11:16:05.417  1232  1325 E minksocket: MinkIPC_QRTR_Service: client with node 1 port 6a14 went down
  02-13 11:16:05.417  1260  1260 E Diag_Lib: diag: Diag_LSM_Init: invoked for pid: 1260 with init_count: 0
> 02-13 11:16:05.417  1260  1260 E Diag_Lib: diag:failed to connect to diag socket
> 02-13 11:16:05.417  1260  1260 E Diag_Lib:  Diag_LSM_Init: Failed to open handle to diag driver, error = 111
  02-13 11:16:05.417  1260  1260 I sensors-hal: send_sensor_config_request:401, resampler is used, set resampler config
  02-13 11:16:05.418  1260  1260 I sensors-hal: send_sync_sensor_request:347, send sync request
  02-13 11:16:05.418  1260  1260 I sensors-hal: send_sync_sensor_request:373, wait for notification of response
  02-13 11:16:05.420  1260  9297 I sensors-hal: ssc_conn_resp_cb:650, resp_value = 0
  02-13 11:16:05.420  1260  1260 I sensors-hal: send_sync_sensor_request:379, takes 2 ms to receive the response with 0
  02-13 11:16:05.667  8977  9304 D nativeloader: Extending system_exposed_libraries: liblistenjni.qti.so:liblistensoundmodel2.qti.so:libqesdk_ndk_platform.qti.so:libvobjectlib.sharp.so
  02-13 11:16:05.669  8977  9304 D nativeloader: Load /data/user/0/net.sumomo_planning.goshopping/app_pccache/5/2A8265B47A1D9B3EFA0B68A58A01A5E195878859/pcam.jar!/libd0FD35BFC481E.so using isolated ns clns-12 (caller=/data/user/0/net.sumomo_planning.goshopping/app_pccache/5/2A8265B47A1D9B3EFA0B68A58A01A5E195878859/pcam.jar): ok
  02-13 11:16:05.663  8977  8977 W AdWorker(Defaul: type=1400 audit(0.0:23361): avc:  granted  { execute } for  path="/data/data/net.sumomo_planning.goshopping/app_pccache/5/2A8265B47A1D9B3EFA0B68A58A01A5E195878859/pcam.jar" dev="dm-55" ino=744088 scontext=u:r:untrusted_app:s0:c62,c258,c512,c768 tcontext=u:object_r:app_data_file:s0:c62,c258,c512,c768 tclass=file app=net.sumomo_planning.goshopping
  02-13 11:16:05.673  8977  8977 I WebViewFactory: Loading com.google.android.webview version 144.0.7559.109 (code 755910933)
  02-13 11:16:05.680  8977  8977 V ResourcesManager: The following library key has been added: ResourcesKey{ mHash=ab569ddd mResDir=null mSplitDirs=[] mOverlayDirs=[/data/resource-cache/com.android.systemui-neutral-tK8D.frro,/data/resource-cache/com.android.systemui-accent-PuPL.frro,/data/resource-cache/com.android.systemui-dynamic-AqdB.frro] mLibDirs=[/data/app/~~p0JbaUZlhR7gAnDZ0bJXRg==/com.google.android.webview-WI4kbtfU4uQG18j6vfsdEA==/base.apk,/data/app/~~QFX95_FP-KfSfWLzrLK2ig==/com.google.android.trichromelibrary_755910933-pQpoQh1e3lBr3rrU2tq4yg==/base.apk,/system_ext/framework/androidx.window.extensions.jar] mDisplayId=0 mOverrideConfig=v35 mCompatInfo={440dpi always-compat} mLoaders=[]}
> 02-13 11:16:05.681  8977  8977 W ning.goshopping: Failed to find entry 'classes.dex': Entry not found
  02-13 11:16:05.683  8977  8977 D nativeloader: Configuring clns-13 for other apk /data/app/~~QFX95_FP-KfSfWLzrLK2ig==/com.google.android.trichromelibrary_755910933-pQpoQh1e3lBr3rrU2tq4yg==/base.apk. target_sdk_version=36, uses_libraries=ALL, library_path=/data/app/~~p0JbaUZlhR7gAnDZ0bJXRg==/com.google.android.webview-WI4kbtfU4uQG18j6vfsdEA==/lib/arm64:/data/app/~~p0JbaUZlhR7gAnDZ0bJXRg==/com.google.android.webview-WI4kbtfU4uQG18j6vfsdEA==/base.apk!/lib/arm64-v8a:/data/app/~~QFX95_FP-KfSfWLzrLK2ig==/com.google.android.trichromelibrary_755910933-pQpoQh1e3lBr3rrU2tq4yg==/base.apk!/lib/arm64-v8a, permitted_path=/data:/mnt/expand
  02-13 11:16:05.683  8977  8977 D nativeloader: Extending system_exposed_libraries: liblistenjni.qti.so:liblistensoundmodel2.qti.so:libqesdk_ndk_platform.qti.so:libvobjectlib.sharp.so
  02-13 11:16:05.683  1242  3322 D vendor.qti.bluetooth@1.0-wake_lock: Release wakelock is released 
  02-13 11:16:05.685  8977  8977 D ApplicationLoaders: Returning zygote-cached class loader: /system_ext/framework/androidx.window.extensions.jar
> 02-13 11:16:05.689  8977  8977 W ning.goshopping: Loading /data/app/~~p0JbaUZlhR7gAnDZ0bJXRg==/com.google.android.webview-WI4kbtfU4uQG18j6vfsdEA==/oat/arm64/base.odex non-executable as it requires an image which we failed to load
  02-13 11:16:05.691  8977  8977 D nativeloader: Configuring clns-14 for other apk /data/app/~~p0JbaUZlhR7gAnDZ0bJXRg==/com.google.android.webview-WI4kbtfU4uQG18j6vfsdEA==/base.apk. target_sdk_version=36, uses_libraries=, library_path=/data/app/~~p0JbaUZlhR7gAnDZ0bJXRg==/com.google.android.webview-WI4kbtfU4uQG18j6vfsdEA==/lib/arm64:/data/app/~~p0JbaUZlhR7gAnDZ0bJXRg==/com.google.android.webview-WI4kbtfU4uQG18j6vfsdEA==/base.apk!/lib/arm64-v8a:/data/app/~~QFX95_FP-KfSfWLzrLK2ig==/com.google.android.trichromelibrary_755910933-pQpoQh1e3lBr3rrU2tq4yg==/base.apk!/lib/arm64-v8a, permitted_path=/data:/mnt/expand
  02-13 11:16:05.734  8977  8977 I cr_WVCFactoryProvider: version=144.0.7559.109 (755910933) minSdkVersion=29 multiprocess=true packageId=2 splits=<none>
  02-13 11:16:05.738  8977  8977 D nativeloader: Load /data/app/~~QFX95_FP-KfSfWLzrLK2ig==/com.google.android.trichromelibrary_755910933-pQpoQh1e3lBr3rrU2tq4yg==/base.apk!/lib/arm64-v8a/libmonochrome_64.so using class loader ns clns-14 (caller=/data/app/~~p0JbaUZlhR7gAnDZ0bJXRg==/com.google.android.webview-WI4kbtfU4uQG18j6vfsdEA==/base.apk): ok
  02-13 11:16:05.741  8977  8977 D nativeloader: Load /system/lib64/libwebviewchromium_plat_support.so using class loader ns clns-14 (caller=/data/app/~~p0JbaUZlhR7gAnDZ0bJXRg==/com.google.android.webview-WI4kbtfU4uQG18j6vfsdEA==/base.apk): ok
> 02-13 11:16:05.744  8977  9313 I chromium: [0213/111605.743408:INFO:android_webview/browser/variations/variations_seed_loader.cc:67] Failed to open file for reading.: No such file or directory (2)
  02-13 11:16:05.760  8977  8977 I cr_LibraryLoader: Successfully loaded native library
  02-13 11:16:05.762  8977  8977 I cr_CachingUmaRecorder: Flushed 18 samples from 18 histograms, 0 samples were dropped.
  02-13 11:16:05.783  2335  3634 I AppsFilter: interaction: PackageSetting{6f52ee9 net.sumomo_planning.goshopping/10574} -> PackageSetting{f4fc58e com.google.android.apps.maps/10178} BLOCKED
  02-13 11:16:05.796  8977  9083 E ning.goshopping: No package ID 6a found for resource ID 0x6a0b0013.
> 02-13 11:16:05.799  8977  8977 W ServiceBindIntentUtils: Dynamic lookup for intent failed for action: com.google.android.gms.ads.service.CACHE
  02-13 11:16:05.804  8977  8977 I flutter : â”Œâ”€â”€â”€â”€â”€â”€â”€â”€â”€â”€â”€â”€â”€â”€â”€â”€â”€â”€â”€â”€â”€â”€â”€â”€â”€â”€â”€â”€â”€â”€â”€â”€â”€â”€â”€â”€â”€â”€â”€â”€â”€â”€â”€â”€â”€â”€â”€â”€â”€â”€â”€â”€â”€â”€â”€â”€â”€â”€â”€â”€â”€â”€â”€â”€â”€â”€â”€â”€â”€â”€â”€â”€â”€â”€â”€â”€â”€â”€â”€â”€â”€â”€â”€â”€â”€â”€â”€â”€â”€â”€â”€â”€â”€â”€â”€â”€â”€â”€â”€â”€â”€â”€â”€â”€â”€â”€â”€â”€â”€â”€â”€â”€â”€â”€â”€â”€â”€â”€â”€
  02-13 11:16:05.805  8977  8977 I flutter : â”‚ #0   AppLogger.info (package:goshopping/utils/app_logger.dart:77:15)
  02-13 11:16:05.805  8977  8977 I flutter : â”‚ #1   FeedbackPromptService.isTestingActive (package:goshopping/services/feedback_prompt_service.dart:22:17)
  02-13 11:16:05.805  8977  8977 I flutter : â”œâ”„â”„â”„â”„â”„â”„â”„â”„â”„â”„â”„â”„â”„â”„â”„â”„â”„â”„â”„â”„â”„â”„â”„â”„â”„â”„â”„â”„â”„â”„â”„â”„â”„â”„â”„â”„â”„â”„â”„â”„â”„â”„â”„â”„â”„â”„â”„â”„â”„â”„â”„â”„â”„â”„â”„â”„â”„â”„â”„â”„â”„â”„â”„â”„â”„â”„â”„â”„â”„â”„â”„â”„â”„â”„â”„â”„â”„â”„â”„â”„â”„â”„â”„â”„â”„â”„â”„â”„â”„â”„â”„â”„â”„â”„â”„â”„â”„â”„â”„â”„â”„â”„â”„â”„â”„â”„â”„â”„â”„â”„â”„â”„â”„â”„â”„â”„â”„â”„â”„
  02-13 11:16:05.805  8977  8977 I flutter : â”‚ 2026-02-13 11:16:05.804
  02-13 11:16:05.914  8977  8977 I flutter : â”‚ ðŸ’¡ ðŸ“± SharedPreferences getUserName: ã™ã‚‚***
  02-13 11:16:05.914  8977  8977 I flutter : â””â”€â”€â”€â”€â”€â”€â”€â”€â”€â”€â”€â”€â”€â”€â”€â”€â”€â”€â”€â”€â”€â”€â”€â”€â”€â”€â”€â”€â”€â”€â”€â”€â”€â”€â”€â”€â”€â”€â”€â”€â”€â”€â”€â”€â”€â”€â”€â”€â”€â”€â”€â”€â”€â”€â”€â”€â”€â”€â”€â”€â”€â”€â”€â”€â”€â”€â”€â”€â”€â”€â”€â”€â”€â”€â”€â”€â”€â”€â”€â”€â”€â”€â”€â”€â”€â”€â”€â”€â”€â”€â”€â”€â”€â”€â”€â”€â”€â”€â”€â”€â”€â”€â”€â”€â”€â”€â”€â”€â”€â”€â”€â”€â”€â”€â”€â”€â”€â”€â”€
  02-13 11:16:05.914  8977  8977 I flutter : ðŸ“± SharedPreferences getUserName: ã™ã‚‚***
  02-13 11:16:05.915 19328 20057 W SQLiteLog: (28) double-quoted string literal: "1770776165915"
  02-13 11:16:05.916 19328 20057 W SQLiteLog: (28) double-quoted string literal: "1"
> 02-13 11:16:05.926  8977  9331 W ServiceBindIntentUtils: Dynamic lookup for intent failed for action: com.google.android.gms.ads.service.START
  02-13 11:16:05.931 19328 19328 D BoundBrokerSvc: onBind: Intent { act=com.google.android.gms.ads.service.START pkg=com.google.android.gms }
  02-13 11:16:05.931 19328 19328 D BoundBrokerSvc: Loading bound service for intent: Intent { act=com.google.android.gms.ads.service.START pkg=com.google.android.gms }
  02-13 11:16:05.958 19328  7623 W SQLiteLog: (28) double-quoted string literal: "1770776165958"
  02-13 11:16:05.958 19328  7623 W SQLiteLog: (28) double-quoted string literal: "1"
  02-13 11:16:05.966  1640  7319 D TemperatureConfig: TemperatureMonitor check msm = 48701, pax = 38109, pax2 = 40686, aux = 42140 ,aux2 = 0, cam = 35989, xo = 0, qtm_n = 0, qtm_e = 0, bat = 33600
  02-13 11:16:07.000  3390  9276 I NearbyConnections: ClientProxy(151229216 0p:com.google.android.gms.nearby.sharing) reporting onEndpointFound(FNOH)
  02-13 11:16:07.000  3390  9276 I NearbyConnections: ClientProxy(151229216) reporting onEndpointDistanceChanged(FNOH, UNKNOWN)
  02-13 11:16:07.003  3390  9276 I NearbySharing: NearbySharing Internal event EndpointDiscovered(endpointId=FNOH)
  02-13 11:16:07.018  5050  5880 I WM-WorkerWrapper: Worker result SUCCESS for Work [ id=32de4456-03bc-43bd-bf67-a7c03af9103f, tags={ com.nttdocomo.android.devicehelp.worker.NetworkWorker } ]
  02-13 11:16:07.022  1254  1254 I QTI PowerHAL: Power setMode: 6 to: 1
> 02-13 11:16:07.023  1254  1254 E QTI PowerHAL: Failed to acquire lock for hint_id: 10A5.
  02-13 11:16:07.023  1242  3571 I vendor.qti.bluetooth@1.0-ibs_handler: ProcessIbsCmd: Received IBS_SLEEP_IND: 0xFE
  02-13 11:16:07.023  1242  3571 D vendor.qti.bluetooth@1.0-ibs_handler: SerialClockVote: vote for UART CLK OFF
  02-13 11:16:07.089  1254  1254 I QTI PowerHAL: Power setMode: 6 to: 0
  02-13 11:16:07.103  8977  9048 W ning.goshopping: userfaultfd: MOVE ioctl seems unsupported: Connection timed out
  02-13 11:16:07.117  8977  8977 E ning.goshopping: Invalid resource ID 0x00000000.
  02-13 11:16:07.779 16706 16781 I WM-WorkerWrapper: Worker result SUCCESS for Work [ id=38690ee9-0867-4ba1-9809-71e5951efafb, tags={ jp.co.sharp.android.ichargeservice.MainJobService } ]
  02-13 11:16:07.780  8977  8977 I PlatformViewsController: Hosting view in view hierarchy for platform view: 0
  02-13 11:16:07.780  8977  8977 I PlatformViewsController: PlatformView is using SurfaceProducer backend
  02-13 11:16:07.782  8977  8977 D Surface : lockHardwareCanvas
  02-13 11:16:07.791  1254  1254 I QTI PowerHAL: Power setMode: 6 to: 1
> 02-13 11:16:07.793  1254  1254 E QTI PowerHAL: Failed to acquire lock for hint_id: 10A5.
  02-13 11:16:07.829  1242  3571 I vendor.qti.bluetooth@1.0-ibs_handler: ProcessIbsCmd: Received IBS_SLEEP_IND: 0xFE
  02-13 11:16:07.829  1242  3571 D vendor.qti.bluetooth@1.0-ibs_handler: SerialClockVote: vote for UART CLK OFF
  02-13 11:16:07.835  9342  9386 E chromium: [ERROR:cc/tiles/tile_manager.cc:998] WARNING: tile memory limits exceeded, some content may not draw
  02-13 11:16:07.835  9342  9386 E chromium: [ERROR:cc/tiles/tile_manager.cc:998] WARNING: tile memory limits exceeded, some content may not draw
  02-13 11:16:07.870  1254  1254 I QTI PowerHAL: Power setMode: 6 to: 0
  02-13 11:16:07.897  2335  2876 D InetDiagMessage: Destroyed 0 sockets, proto=IPPROTO_TCP, family=AF_INET, states=14
  02-13 11:16:07.901  2335  2876 D InetDiagMessage: Destroyed 0 sockets, proto=IPPROTO_TCP, family=AF_INET6, states=14
  02-13 11:16:07.902  6953  7514 V NativeCrypto: Write error: ssl=0xb400007ab02ef658: I/O error during system call, Broken pipe
  02-13 11:16:07.903  2335  2876 D InetDiagMessage: Destroyed live tcp sockets for uids={20518} in 9ms
  02-13 11:16:07.904  6953  7499 W Firestore: (26.0.2) [WatchStream]: (56c480e) Stream closed with status: Status{code=UNAVAILABLE, description=End of stream or IOException, cause=null}.
> 02-13 11:16:07.905  6953  7514 V NativeCrypto: SSL shutdown failed: ssl=0xb400007ab02ef658: I/O error during system call, Success
> 02-13 11:16:07.912  6953  7499 W ManagedChannelImpl: [{0}] Failed to resolve name. status={1}
  02-13 11:16:07.934  6953  7499 W Firestore: (26.0.2) [WatchStream]: (56c480e) Stream closed with status: Status{code=UNAVAILABLE, description=Unable to resolve host firestore.googleapis.com, cause=java.lang.RuntimeException: java.net.UnknownHostException: Unable to resolve host "firestore.googleapis.com": No address associated with hostname
  02-13 11:16:07.934  6953  7499 W Firestore: 	at io.grpc.internal.DnsNameResolver.resolveAddresses(DnsNameResolver.java:223)
  02-13 11:16:07.934  6953  7499 W Firestore: 	at io.grpc.internal.DnsNameResolver.doResolve(DnsNameResolver.java:282)
  02-13 11:16:07.934  6953  7499 W Firestore: 	at io.grpc.internal.DnsNameResolver$Resolve.run(DnsNameResolver.java:318)
  02-13 11:16:07.934  6953  7499 W Firestore: 	at java.util.concurrent.ThreadPoolExecutor.runWorker(ThreadPoolExecutor.java:1154)
  02-13 11:16:07.934  6953  7499 W Firestore: 	at java.net.Inet6AddressImpl.lookupAllHostAddr(Inet6AddressImpl.java:103)
  02-13 11:16:07.934  6953  7499 W Firestore: 	at java.net.InetAddress.getAllByName(InetAddress.java:1152)
  02-13 11:16:07.934  6953  7499 W Firestore: 	at io.grpc.internal.DnsNameResolver$JdkAddressResolver.resolveAddress(DnsNameResolver.java:632)
  02-13 11:16:07.934  6953  7499 W Firestore: 	at io.grpc.internal.DnsNameResolver.resolveAddresses(DnsNameResolver.java:219)
  02-13 11:16:07.934  6953  7499 W Firestore: 	... 5 more
> 02-13 11:16:07.934  6953  7499 W Firestore: Caused by: android.system.GaiException: android_getaddrinfo failed: EAI_NODATA (No address associated with hostname)
  02-13 11:16:07.934  6953  7499 W Firestore: 	at libcore.io.Linux.android_getaddrinfo(Native Method)
  02-13 11:16:07.934  6953  7499 W Firestore: 	at libcore.io.ForwardingOs.android_getaddrinfo(ForwardingOs.java:134)
  02-13 11:16:07.934  6953  7499 W Firestore: 	at libcore.io.BlockGuardOs.android_getaddrinfo(BlockGuardOs.java:222)
  02-13 11:16:07.934  6953  7499 W Firestore: 	at libcore.io.ForwardingOs.android_getaddrinfo(ForwardingOs.java:134)
  02-13 11:16:07.934  6953  7499 W Firestore: 	at java.net.Inet6AddressImpl.lookupHostByName(Inet6AddressImpl.java:135)
  02-13 11:16:08.046  2973  4767 D PowerUI : can't show warning due to - plugged: true status unknown: false
  02-13 11:16:08.047  3190  3190 D QtiCarrierConfigHelper: WARNING, no carrier configs on phone Id: 1
  02-13 11:16:08.050  3157  3157 D DeviceStatisticsService: onReceive: action= android.intent.action.BATTERY_CHANGED
  02-13 11:16:08.051  3157  3157 V DeviceStatisticsService: chargerType=2 batteryLevel=78 totalBatteryCapacity=4235300
  02-13 11:16:08.083  1254  1254 I QTI PowerHAL: Power setMode: 6 to: 1
> 02-13 11:16:08.084  1254  1254 E QTI PowerHAL: Failed to acquire lock for hint_id: 10A5.
  02-13 11:16:08.085  2335  2868 D WifiClientModeImpl[14904:wlan0]: updateLinkLayerStatsRssiSpeedFrequencyCapabilities rssi=-48 TxLinkspeed=86 freq=2462 RxLinkSpeed=86
  02-13 11:16:08.089  2335  2868 D WifiDataStall: tx tput in kbps: 53212
  02-13 11:16:08.089  2335  2868 D WifiDataStall: rx tput in kbps: 59125
  02-13 11:16:08.089  2335  2868 V WifiConfigManager: Updating scan detail cache freq=2462 BSSID=80:22:a7:9f:4d:64 RSSI=-49 for "ctc-2g-452f07"WPA_PSK
  02-13 11:16:08.089  2335  2868 D WifiDataStall:  ccaLevel = 80
  02-13 11:16:08.986  8977  8977 I flutter : â”œâ”„â”„â”„â”„â”„â”„â”„â”„â”„â”„â”„â”„â”„â”„â”„â”„â”„â”„â”„â”„â”„â”„â”„â”„â”„â”„â”„â”„â”„â”„â”„â”„â”„â”„â”„â”„â”„â”„â”„â”„â”„â”„â”„â”„â”„â”„â”„â”„â”„â”„â”„â”„â”„â”„â”„â”„â”„â”„â”„â”„â”„â”„â”„â”„â”„â”„â”„â”„â”„â”„â”„â”„â”„â”„â”„â”„â”„â”„â”„â”„â”„â”„â”„â”„â”„â”„â”„â”„â”„â”„â”„â”„â”„â”„â”„â”„â”„â”„â”„â”„â”„â”„â”„â”„â”„â”„â”„â”„â”„â”„â”„â”„â”„â”„â”„â”„â”„â”„â”„
  02-13 11:16:08.986  8977  8977 I flutter : â”‚ ðŸ’¡ ðŸ”„ å®šæœŸè³¼å…¥ã‚¢ã‚¤ãƒ†ãƒ ãƒªã‚»ãƒƒãƒˆã‚µãƒ¼ãƒ“ã‚¹é–‹å§‹
  02-13 11:16:08.986  8977  8977 I flutter : â””â”€â”€â”€â”€â”€â”€â”€â”€â”€â”€â”€â”€â”€â”€â”€â”€â”€â”€â”€â”€â”€â”€â”€â”€â”€â”€â”€â”€â”€â”€â”€â”€â”€â”€â”€â”€â”€â”€â”€â”€â”€â”€â”€â”€â”€â”€â”€â”€â”€â”€â”€â”€â”€â”€â”€â”€â”€â”€â”€â”€â”€â”€â”€â”€â”€â”€â”€â”€â”€â”€â”€â”€â”€â”€â”€â”€â”€â”€â”€â”€â”€â”€â”€â”€â”€â”€â”€â”€â”€â”€â”€â”€â”€â”€â”€â”€â”€â”€â”€â”€â”€â”€â”€â”€â”€â”€â”€â”€â”€â”€â”€â”€â”€â”€â”€â”€â”€â”€â”€
  02-13 11:16:08.986  8977  8977 I flutter : ðŸ”„ å®šæœŸè³¼å…¥ã‚¢ã‚¤ãƒ†ãƒ ãƒªã‚»ãƒƒãƒˆã‚µãƒ¼ãƒ“ã‚¹é–‹å§‹
  02-13 11:16:09.000  1640  7319 D TemperatureConfig: TemperatureMonitor check msm = 48311, pax = 38659, pax2 = 41596, aux = 42580 ,aux2 = 0, cam = 36093, xo = 0, qtm_n = 0, qtm_e = 0, bat = 33600
> 02-13 11:16:09.013  6953  9405 W ManagedChannelImpl: [{0}] Failed to resolve name. status={1}
  02-13 11:16:09.019  4881  5017 D PackageUpdatedTask: Package updated: mOp=UPDATE packages=[jp.co.sharp.android.ichargeservice]
  02-13 11:16:09.025  4881  5017 W AllAppsList: updatePromiseInstallInfo: no Activities matched updated package, removing all apps from package=jp.co.sharp.android.ichargeservice
  02-13 11:16:09.064  2335  2895 W AS.AudioService: handleMessage({ when=-1ms what=35 target=com.android.server.audio.AudioService$AudioHandler }) from pid=2335, uid=1000
  02-13 11:16:09.065  2335  2597 W MagnificationConnectionManager: requestConnection duplicated request: connect=false, mConnectionState=DISCONNECTED
  02-13 11:16:09.110 12926 12926 E iCharge.Receiver: jp.co.sharp.android.ichargeservice.action.BATTERY_PER_CHANGED
  02-13 11:16:10.290  6953  7499 W Firestore: 	at io.grpc.internal.DnsNameResolver$JdkAddressResolver.resolveAddress(DnsNameResolver.java:632)
  02-13 11:16:10.290  6953  7499 W Firestore: 	at io.grpc.internal.DnsNameResolver.resolveAddresses(DnsNameResolver.java:219)
  02-13 11:16:10.290  6953  7499 W Firestore: 	... 5 more
  02-13 11:16:10.290  6953  7499 W Firestore: }.
  02-13 11:16:10.361 19328 19328 D BoundBrokerSvc: onUnbind: Intent { act=com.google.android.gms.onboardingconsent.api.ConsentManagerApiService.START dat=chimera-action:/... cmp=com.google.android.gms/.chimera.GmsApiService }
> 02-13 11:16:10.600  6953  9405 W ManagedChannelImpl: [{0}] Failed to resolve name. status={1}
  02-13 11:16:10.635  2973  2973 D ControlsListingControllerImpl: ServiceConfig reloaded, count: 1
  02-13 11:16:10.646 31306  8717 I Bugle   : BroadcastReceiverAsyncWorkTracker: Acknowledging broadcast of daqt@64841c4
  02-13 11:16:10.658  1242  3571 I vendor.qti.bluetooth@1.0-ibs_handler: ProcessIbsCmd: Received IBS_WAKE_IND: 0xFD
  02-13 11:16:10.658  1242  3571 D vendor.qti.bluetooth@1.0-ibs_handler: SerialClockVote: vote for UART CLK ON
  02-13 11:16:10.658  1242  3571 D vendor.qti.bluetooth@1.0-wake_lock: Acquire wakelock is acquired 
  02-13 11:16:12.831  6953  7499 W Firestore: 	at java.net.Inet6AddressImpl.lookupAllHostAddr(Inet6AddressImpl.java:103)
  02-13 11:16:12.831  6953  7499 W Firestore: 	at java.net.InetAddress.getAllByName(InetAddress.java:1152)
  02-13 11:16:12.831  6953  7499 W Firestore: 	at io.grpc.internal.DnsNameResolver$JdkAddressResolver.resolveAddress(DnsNameResolver.java:632)
  02-13 11:16:12.831  6953  7499 W Firestore: 	at io.grpc.internal.DnsNameResolver.resolveAddresses(DnsNameResolver.java:219)
  02-13 11:16:12.831  6953  7499 W Firestore: 	... 5 more
> 02-13 11:16:12.831  6953  7499 W Firestore: Caused by: android.system.GaiException: android_getaddrinfo failed: EAI_NODATA (No address associated with hostname)
  02-13 11:16:12.831  6953  7499 W Firestore: 	at libcore.io.Linux.android_getaddrinfo(Native Method)
  02-13 11:16:12.831  6953  7499 W Firestore: 	at libcore.io.ForwardingOs.android_getaddrinfo(ForwardingOs.java:134)
  02-13 11:16:12.831  6953  7499 W Firestore: 	at libcore.io.BlockGuardOs.android_getaddrinfo(BlockGuardOs.java:222)
  02-13 11:16:12.831  6953  7499 W Firestore: 	at libcore.io.ForwardingOs.android_getaddrinfo(ForwardingOs.java:134)
  02-13 11:16:12.831  6953  7499 W Firestore: 	at java.net.Inet6AddressImpl.lookupHostByName(Inet6AddressImpl.java:135)
  02-13 11:16:12.976 19328 19328 D BoundBrokerSvc: onUnbind: Intent { act=com.google.android.gms.feedback.internal.IFeedbackService dat=chimera-action:/... cmp=com.google.android.gms/.chimera.GmsBoundBrokerService }
  02-13 11:16:13.042  1242  3322 D vendor.qti.bluetooth@1.0-wake_lock: Release wakelock is released 
  02-13 11:16:13.053  1640  7319 D TemperatureConfig: TemperatureMonitor check msm = 45584, pax = 39011, pax2 = 42135, aux = 42870 ,aux2 = 0, cam = 36302, xo = 0, qtm_n = 0, qtm_e = 0, bat = 33800
  02-13 11:16:13.057  2335  2335 I Telecom : CallsManager$15: onSignalStrengthsChanged()...signalStrength=SignalStrength:{mCdma=CellSignalStrengthCdma: cdmaDbm=2147483647 cdmaEcio=2147483647 evdoDbm=2147483647 evdoEcio=2147483647 evdoSnr=2147483647 level=0,mGsm=CellSignalStrengthGsm: rssi=2147483647 ber=2147483647 mTa=2147483647 mLevel=0,mWcdma=CellSignalStrengthWcdma: ss=2147483647 ber=2147483647 rscp=2147483647 ecno=2147483647 level=0,mTdscdma=CellSignalStrengthTdscdma: rssi=2147483647 ber=2147483647 rscp=2147483647 level=0,mLte=CellSignalStrengthLte: rssi=-81 rsrp=-112 rsrq=-12 rssnr=2 cqiTableIndex=2147483647 cqi=2147483647 ta=2147483647 level=4 parametersUseForLevel=0,mNr=CellSignalStrengthNr:{ csiRsrp = 2147483647 csiRsrq = 2147483647 csiCqiTableIndex = 2147483647 csiCqiReport = [] ssRsrp = 2147483647 ssRsrq = 2147483647 ssSinr = 2147483647 level = 0 parametersUseForLevel = 0 timingAdvance = 2147483647 },primary=CellSignalStrengthLte}
  02-13 11:16:13.112  5050  5874 I WM-WorkerWrapper: Worker result SUCCESS for Work [ id=9dcd3d8e-b3b8-401b-b8b0-e0033a08a499, tags={ com.nttdocomo.android.devicehelp.worker.NetworkWorker } ]
> 02-13 11:16:13.197  6953  9405 W ManagedChannelImpl: [{0}] Failed to resolve name. status={1}
  02-13 11:16:13.528  1242  3571 I vendor.qti.bluetooth@1.0-ibs_handler: ProcessIbsCmd: Received IBS_WAKE_IND: 0xFD
  02-13 11:16:13.529  1242  3571 D vendor.qti.bluetooth@1.0-ibs_handler: SerialClockVote: vote for UART CLK ON
  02-13 11:16:13.529  1242  3571 D vendor.qti.bluetooth@1.0-wake_lock: Acquire wakelock is acquired 
  02-13 11:16:13.529  1242  3571 I vendor.qti.bluetooth@1.0-ibs_handler: ProcessIbsCmd: Writing IBS_WAKE_ACK
  02-13 11:16:13.537  3390  6167 I NearbyDiscovery: (REDACTED) BloomFilterAdvManager: Detected bloom filter but too far away, ignoring. %sm, %s
  02-13 11:16:13.572  1242  3571 I vendor.qti.bluetooth@1.0-ibs_handler: ProcessIbsCmd: Received IBS_SLEEP_IND: 0xFE
  02-13 11:16:13.572  1242  3571 D vendor.qti.bluetooth@1.0-ibs_handler: SerialClockVote: vote for UART CLK OFF
  02-13 11:16:13.723  1242  3322 D vendor.qti.bluetooth@1.0-wake_lock: Release wakelock is released 
  02-13 11:16:14.067  1640  7319 D TemperatureConfig: TemperatureMonitor check msm = 45000, pax = 39011, pax2 = 42135, aux = 42818 ,aux2 = 0, cam = 36354, xo = 0, qtm_n = 0, qtm_e = 0, bat = 33800
  02-13 11:16:14.075  3390  3390 D BoundBrokerSvc: onUnbind: Intent { act=com.google.android.gms.auth.aang.events.services.START dat=chimera-action:/... cmp=com.google.android.gms/.chimera.PersistentApiService }
> 02-13 11:16:14.118  8977  9259 E GoogleApiManager: Failed to get service from broker. 
  02-13 11:16:14.118  8977  9259 E GoogleApiManager: java.lang.SecurityException: Unknown calling package name 'com.google.android.gms'.
  02-13 11:16:14.118  8977  9259 E GoogleApiManager: 	at android.os.Parcel.createExceptionOrNull(Parcel.java:3242)
  02-13 11:16:14.118  8977  9259 E GoogleApiManager: 	at android.os.Parcel.createException(Parcel.java:3226)
  02-13 11:16:14.118  8977  9259 E GoogleApiManager: 	at android.os.Parcel.readException(Parcel.java:3209)
  02-13 11:16:14.118  8977  9259 E GoogleApiManager: 	at android.os.Parcel.readException(Parcel.java:3151)
  02-13 11:16:14.118  8977  9259 E GoogleApiManager: 	at android.os.Looper.loop(Looper.java:317)
  02-13 11:16:14.118  8977  9259 E GoogleApiManager: 	at android.os.HandlerThread.run(HandlerThread.java:85)
  02-13 11:16:14.118  2335  2868 D WifiClientModeImpl[14904:wlan0]: updateLinkLayerStatsRssiSpeedFrequencyCapabilities rssi=-46 TxLinkspeed=86 freq=2462 RxLinkSpeed=86
  02-13 11:16:14.120  2335  2868 D WifiDataStall: tx tput in kbps: 49073
  02-13 11:16:14.121  2335  2868 D WifiDataStall: rx tput in kbps: 59125
> 02-13 11:16:14.121  8977  9259 E GoogleApiManager: Failed to get service from broker. 
  02-13 11:16:14.121  8977  9259 E GoogleApiManager: java.lang.SecurityException: Unknown calling package name 'com.google.android.gms'.
  02-13 11:16:14.121  8977  9259 E GoogleApiManager: 	at android.os.Parcel.createExceptionOrNull(Parcel.java:3242)
